thiết bị : cuda
dữ liệu  : D:\HocTap\Hoc_Tap\Hufi\CNTT\Thac_Si\HK3\Đề án\Luan_Van\pilot\pilot\17072026\ml-1m.txt
seed     : [42, 2024, 3407, 8888, 12345]

[sirm] seed 42
    epoch   5 | loss 7.2011 | val HR@10 0.0192 NDCG@10 0.0089
    epoch  10 | loss 6.5965 | val HR@10 0.0298 NDCG@10 0.0149
    epoch  15 | loss 6.2392 | val HR@10 0.0386 NDCG@10 0.0190
    epoch  20 | loss 6.0511 | val HR@10 0.0421 NDCG@10 0.0208
    epoch  25 | loss 5.9170 | val HR@10 0.0457 NDCG@10 0.0230
    epoch  30 | loss 5.8235 | val HR@10 0.0482 NDCG@10 0.0245
    epoch  35 | loss 5.7434 | val HR@10 0.0531 NDCG@10 0.0271
    epoch  40 | loss 5.6762 | val HR@10 0.0538 NDCG@10 0.0284
    epoch  45 | loss 5.6183 | val HR@10 0.0550 NDCG@10 0.0280
    epoch  50 | loss 5.5708 | val HR@10 0.0596 NDCG@10 0.0308
    epoch  55 | loss 5.5243 | val HR@10 0.0596 NDCG@10 0.0311
    epoch  60 | loss 5.4827 | val HR@10 0.0626 NDCG@10 0.0333
    epoch  65 | loss 5.4550 | val HR@10 0.0623 NDCG@10 0.0332
    epoch  70 | loss 5.4270 | val HR@10 0.0624 NDCG@10 0.0329
    epoch  75 | loss 5.4024 | val HR@10 0.0611 NDCG@10 0.0322
    epoch  80 | loss 5.3798 | val HR@10 0.0623 NDCG@10 0.0331
    epoch  85 | loss 5.3598 | val HR@10 0.0641 NDCG@10 0.0337
    epoch  90 | loss 5.3460 | val HR@10 0.0642 NDCG@10 0.0349
    epoch  95 | loss 5.3256 | val HR@10 0.0642 NDCG@10 0.0338
    epoch 100 | loss 5.3129 | val HR@10 0.0652 NDCG@10 0.0339
    epoch 105 | loss 5.3007 | val HR@10 0.0647 NDCG@10 0.0346
    epoch 110 | loss 5.2822 | val HR@10 0.0664 NDCG@10 0.0351
    epoch 115 | loss 5.2733 | val HR@10 0.0669 NDCG@10 0.0347
    epoch 120 | loss 5.2628 | val HR@10 0.0666 NDCG@10 0.0356
    epoch 125 | loss 5.2497 | val HR@10 0.0657 NDCG@10 0.0360
    epoch 130 | loss 5.2416 | val HR@10 0.0675 NDCG@10 0.0359
    epoch 135 | loss 5.2304 | val HR@10 0.0657 NDCG@10 0.0351
    epoch 140 | loss 5.2231 | val HR@10 0.0664 NDCG@10 0.0352
    epoch 145 | loss 5.2148 | val HR@10 0.0675 NDCG@10 0.0359
    epoch 150 | loss 5.2047 | val HR@10 0.0644 NDCG@10 0.0349
    epoch 155 | loss 5.1997 | val HR@10 0.0672 NDCG@10 0.0362
    dừng sớm ở epoch 155
  -> test HR@10 0.0616 NDCG@10 0.0336 AD@10 1768 (14.8 phút)

[sirm] seed 2024
    epoch   5 | loss 7.1675 | val HR@10 0.0227 NDCG@10 0.0109
    epoch  10 | loss 6.5791 | val HR@10 0.0306 NDCG@10 0.0148
    epoch  15 | loss 6.2825 | val HR@10 0.0321 NDCG@10 0.0162
    epoch  20 | loss 6.0954 | val HR@10 0.0422 NDCG@10 0.0211
    epoch  25 | loss 5.9600 | val HR@10 0.0424 NDCG@10 0.0209
    epoch  30 | loss 5.8646 | val HR@10 0.0482 NDCG@10 0.0241
    epoch  35 | loss 5.7790 | val HR@10 0.0487 NDCG@10 0.0244
    epoch  40 | loss 5.7059 | val HR@10 0.0550 NDCG@10 0.0290
    epoch  45 | loss 5.6478 | val HR@10 0.0545 NDCG@10 0.0287
    epoch  50 | loss 5.5945 | val HR@10 0.0573 NDCG@10 0.0307
    epoch  55 | loss 5.5488 | val HR@10 0.0581 NDCG@10 0.0305
    epoch  60 | loss 5.5044 | val HR@10 0.0596 NDCG@10 0.0322
    epoch  65 | loss 5.4741 | val HR@10 0.0613 NDCG@10 0.0335
    epoch  70 | loss 5.4400 | val HR@10 0.0618 NDCG@10 0.0331
    epoch  75 | loss 5.4135 | val HR@10 0.0621 NDCG@10 0.0335
    epoch  80 | loss 5.3888 | val HR@10 0.0616 NDCG@10 0.0327
    epoch  85 | loss 5.3689 | val HR@10 0.0636 NDCG@10 0.0334
    epoch  90 | loss 5.3498 | val HR@10 0.0619 NDCG@10 0.0334
    epoch  95 | loss 5.3330 | val HR@10 0.0636 NDCG@10 0.0346
    epoch 100 | loss 5.3163 | val HR@10 0.0634 NDCG@10 0.0349
    epoch 105 | loss 5.3057 | val HR@10 0.0637 NDCG@10 0.0342
    epoch 110 | loss 5.2854 | val HR@10 0.0637 NDCG@10 0.0348
    epoch 115 | loss 5.2757 | val HR@10 0.0657 NDCG@10 0.0356
    epoch 120 | loss 5.2629 | val HR@10 0.0649 NDCG@10 0.0352
    epoch 125 | loss 5.2542 | val HR@10 0.0649 NDCG@10 0.0353
    epoch 130 | loss 5.2401 | val HR@10 0.0662 NDCG@10 0.0367
    epoch 135 | loss 5.2312 | val HR@10 0.0647 NDCG@10 0.0354
    epoch 140 | loss 5.2216 | val HR@10 0.0656 NDCG@10 0.0358
    epoch 145 | loss 5.2152 | val HR@10 0.0652 NDCG@10 0.0362
    epoch 150 | loss 5.2037 | val HR@10 0.0672 NDCG@10 0.0371
    epoch 155 | loss 5.1975 | val HR@10 0.0652 NDCG@10 0.0358
    epoch 160 | loss 5.1922 | val HR@10 0.0684 NDCG@10 0.0369
    epoch 165 | loss 5.1819 | val HR@10 0.0677 NDCG@10 0.0368
    epoch 170 | loss 5.1801 | val HR@10 0.0659 NDCG@10 0.0368
    epoch 175 | loss 5.1724 | val HR@10 0.0680 NDCG@10 0.0371
    epoch 180 | loss 5.1676 | val HR@10 0.0674 NDCG@10 0.0368
    epoch 185 | loss 5.1577 | val HR@10 0.0684 NDCG@10 0.0371
    dừng sớm ở epoch 185
  -> test HR@10 0.0631 NDCG@10 0.0336 AD@10 1861 (17.85 phút)

[sirm] seed 3407
    epoch   5 | loss 7.2210 | val HR@10 0.0204 NDCG@10 0.0098
    epoch  10 | loss 6.6653 | val HR@10 0.0268 NDCG@10 0.0127
    epoch  15 | loss 6.3132 | val HR@10 0.0364 NDCG@10 0.0172
    epoch  20 | loss 6.1151 | val HR@10 0.0409 NDCG@10 0.0204
    epoch  25 | loss 5.9738 | val HR@10 0.0439 NDCG@10 0.0222
    epoch  30 | loss 5.8763 | val HR@10 0.0502 NDCG@10 0.0248
    epoch  35 | loss 5.7958 | val HR@10 0.0525 NDCG@10 0.0268
    epoch  40 | loss 5.7379 | val HR@10 0.0548 NDCG@10 0.0286
    epoch  45 | loss 5.6721 | val HR@10 0.0570 NDCG@10 0.0297
    epoch  50 | loss 5.6150 | val HR@10 0.0591 NDCG@10 0.0311
    epoch  55 | loss 5.5703 | val HR@10 0.0619 NDCG@10 0.0320
    epoch  60 | loss 5.5229 | val HR@10 0.0616 NDCG@10 0.0321
    epoch  65 | loss 5.4902 | val HR@10 0.0644 NDCG@10 0.0342
    epoch  70 | loss 5.4559 | val HR@10 0.0649 NDCG@10 0.0340
    epoch  75 | loss 5.4293 | val HR@10 0.0661 NDCG@10 0.0339
    epoch  80 | loss 5.4034 | val HR@10 0.0644 NDCG@10 0.0338
    epoch  85 | loss 5.3831 | val HR@10 0.0636 NDCG@10 0.0334
    epoch  90 | loss 5.3658 | val HR@10 0.0666 NDCG@10 0.0345
    epoch  95 | loss 5.3465 | val HR@10 0.0644 NDCG@10 0.0331
    epoch 100 | loss 5.3302 | val HR@10 0.0649 NDCG@10 0.0341
    epoch 105 | loss 5.3131 | val HR@10 0.0634 NDCG@10 0.0333
    epoch 110 | loss 5.2981 | val HR@10 0.0651 NDCG@10 0.0338
    epoch 115 | loss 5.2842 | val HR@10 0.0649 NDCG@10 0.0337
    dừng sớm ở epoch 115
  -> test HR@10 0.0581 NDCG@10 0.0317 AD@10 1680 (10.96 phút)

[sirm] seed 8888
    epoch   5 | loss 7.2247 | val HR@10 0.0212 NDCG@10 0.0101
    epoch  10 | loss 6.6870 | val HR@10 0.0293 NDCG@10 0.0138
    epoch  15 | loss 6.3535 | val HR@10 0.0382 NDCG@10 0.0183
    epoch  20 | loss 6.1299 | val HR@10 0.0411 NDCG@10 0.0199
    epoch  25 | loss 5.9757 | val HR@10 0.0462 NDCG@10 0.0224
    epoch  30 | loss 5.8644 | val HR@10 0.0502 NDCG@10 0.0254
    epoch  35 | loss 5.7774 | val HR@10 0.0543 NDCG@10 0.0289
    epoch  40 | loss 5.7005 | val HR@10 0.0545 NDCG@10 0.0282
    epoch  45 | loss 5.6365 | val HR@10 0.0565 NDCG@10 0.0298
    epoch  50 | loss 5.5808 | val HR@10 0.0594 NDCG@10 0.0314
    epoch  55 | loss 5.5339 | val HR@10 0.0626 NDCG@10 0.0333
    epoch  60 | loss 5.4950 | val HR@10 0.0609 NDCG@10 0.0341
    epoch  65 | loss 5.4625 | val HR@10 0.0613 NDCG@10 0.0328
    epoch  70 | loss 5.4307 | val HR@10 0.0616 NDCG@10 0.0332
    epoch  75 | loss 5.4070 | val HR@10 0.0629 NDCG@10 0.0341
    epoch  80 | loss 5.3834 | val HR@10 0.0619 NDCG@10 0.0336
    epoch  85 | loss 5.3667 | val HR@10 0.0646 NDCG@10 0.0345
    epoch  90 | loss 5.3492 | val HR@10 0.0639 NDCG@10 0.0340
    epoch  95 | loss 5.3354 | val HR@10 0.0639 NDCG@10 0.0341
    epoch 100 | loss 5.3167 | val HR@10 0.0637 NDCG@10 0.0341
    epoch 105 | loss 5.3044 | val HR@10 0.0637 NDCG@10 0.0335
    epoch 110 | loss 5.2874 | val HR@10 0.0647 NDCG@10 0.0338
    epoch 115 | loss 5.2791 | val HR@10 0.0656 NDCG@10 0.0345
    epoch 120 | loss 5.2639 | val HR@10 0.0651 NDCG@10 0.0347
    epoch 125 | loss 5.2564 | val HR@10 0.0647 NDCG@10 0.0351
    epoch 130 | loss 5.2429 | val HR@10 0.0642 NDCG@10 0.0343
    epoch 135 | loss 5.2318 | val HR@10 0.0646 NDCG@10 0.0342
    epoch 140 | loss 5.2246 | val HR@10 0.0642 NDCG@10 0.0341
    dừng sớm ở epoch 140
  -> test HR@10 0.0603 NDCG@10 0.0327 AD@10 1730 (12.94 phút)

[sirm] seed 12345
    epoch   5 | loss 7.0998 | val HR@10 0.0199 NDCG@10 0.0097
    epoch  10 | loss 6.5237 | val HR@10 0.0339 NDCG@10 0.0167
    epoch  15 | loss 6.2416 | val HR@10 0.0406 NDCG@10 0.0209
    epoch  20 | loss 6.0567 | val HR@10 0.0430 NDCG@10 0.0221
    epoch  25 | loss 5.9295 | val HR@10 0.0445 NDCG@10 0.0230
    epoch  30 | loss 5.8314 | val HR@10 0.0497 NDCG@10 0.0253
    epoch  35 | loss 5.7520 | val HR@10 0.0508 NDCG@10 0.0269
    epoch  40 | loss 5.6813 | val HR@10 0.0556 NDCG@10 0.0299
    epoch  45 | loss 5.6235 | val HR@10 0.0589 NDCG@10 0.0311
    epoch  50 | loss 5.5714 | val HR@10 0.0599 NDCG@10 0.0321
    epoch  55 | loss 5.5248 | val HR@10 0.0588 NDCG@10 0.0315
    epoch  60 | loss 5.4863 | val HR@10 0.0604 NDCG@10 0.0318
    epoch  65 | loss 5.4548 | val HR@10 0.0626 NDCG@10 0.0339
    epoch  70 | loss 5.4268 | val HR@10 0.0632 NDCG@10 0.0341
    epoch  75 | loss 5.4018 | val HR@10 0.0631 NDCG@10 0.0342
    epoch  80 | loss 5.3817 | val HR@10 0.0642 NDCG@10 0.0351
    epoch  85 | loss 5.3641 | val HR@10 0.0649 NDCG@10 0.0352
    epoch  90 | loss 5.3421 | val HR@10 0.0652 NDCG@10 0.0354
    epoch  95 | loss 5.3300 | val HR@10 0.0662 NDCG@10 0.0356
    epoch 100 | loss 5.3120 | val HR@10 0.0657 NDCG@10 0.0350
    epoch 105 | loss 5.2979 | val HR@10 0.0662 NDCG@10 0.0359
    epoch 110 | loss 5.2868 | val HR@10 0.0666 NDCG@10 0.0360
    epoch 115 | loss 5.2776 | val HR@10 0.0684 NDCG@10 0.0373
    epoch 120 | loss 5.2679 | val HR@10 0.0679 NDCG@10 0.0370
    epoch 125 | loss 5.2497 | val HR@10 0.0682 NDCG@10 0.0374
    epoch 130 | loss 5.2426 | val HR@10 0.0671 NDCG@10 0.0364
    epoch 135 | loss 5.2332 | val HR@10 0.0669 NDCG@10 0.0364
    epoch 140 | loss 5.2219 | val HR@10 0.0680 NDCG@10 0.0365
    dừng sớm ở epoch 140
  -> test HR@10 0.0608 NDCG@10 0.0339 AD@10 1785 (12.76 phút)

==============================================================================
KẾT QUẢ — ML-1M (trung bình ± độ lệch chuẩn qua 5 seed)
==============================================================================
chỉ số                   +SIRM+
------------------------------------------------------------------------------
HR@5            0.0402 ± 0.0009
HR@10           0.0608 ± 0.0018
NDCG@5          0.0265 ± 0.0008
NDCG@10         0.0331 ± 0.0009
AD@5              1369.2 ± 64.5
AD@10             1764.8 ± 67.2

Đã lưu -> sirm_g1000.json
